{
    "process": "gptq",
    "layer": 0,
    "module": "attention.query_key_value",
    "feat: in, out": "768, 2304",
    "dtype: size": "f16: 3.6MB",
    "loss": "0.0000010032",
    "samples": "131072",
    "damp": "0.10000",
    "time": "1.597",
    "fwd_time": "1.711",
    "(v)ram": "n/a"
}
{
    "process": "gptq",
    "layer": 0,
    "module": "attention.dense",
    "feat: in, out": "768, 768",
    "dtype: size": "f16: 1.2MB",
    "loss": "0.0000000052",
    "samples": "131072",
    "damp": "0.10000",
    "time": "0.508",
    "fwd_time": "2.072",
    "(v)ram": "n/a"
}
{
    "process": "gptq",
    "layer": 0,
    "module": "mlp.dense_h_to_4h",
    "feat: in, out": "768, 3072",
    "dtype: size": "f16: 4.8MB",
    "loss": "0.0000003635",
    "samples": "131072",
    "damp": "0.10000",
    "time": "0.757",
    "fwd_time": "2.248",
    "(v)ram": "n/a"
}
{
    "process": "gptq",
    "layer": 0,
    "module": "mlp.dense_4h_to_h",
    "feat: in, out": "3072, 768",
    "dtype: size": "f16: 4.8MB",
    "loss": "0.0000000075",
    "samples": "131072",
    "damp": "0.10000",
    "time": "3.154",
    "fwd_time": "5.257",
    "(v)ram": "n/a"
}
{
    "process": "gptq",
    "layer": 1,
    "module": "attention.query_key_value",
    "feat: in, out": "768, 2304",
    "dtype: size": "f16: 3.6MB",
    "loss": "0.0000009341",
    "samples": "131072",
    "damp": "0.10000",
    "time": "0.984",
    "fwd_time": "1.223",
    "(v)ram": "n/a"
}
{
    "process": "gptq",
    "layer": 1,
    "module": "attention.dense",
    "feat: in, out": "768, 768",
    "dtype: size": "f16: 1.2MB",
    "loss": "0.0000000063",
    "samples": "131072",
    "damp": "0.10000",
    "time": "0.960",
    "fwd_time": "2.810",
    "(v)ram": "n/a"
}
{
    "process": "gptq",
    "layer": 1,
    "module": "mlp.dense_h_to_4h",
    "feat: in, out": "768, 3072",
    "dtype: size": "f16: 4.8MB",
    "loss": "0.0000017526",
    "samples": "131072",
    "damp": "0.10000",
    "time": "1.076",
    "fwd_time": "3.005",
    "(v)ram": "n/a"
}
{
    "process": "gptq",
    "layer": 1,
    "module": "mlp.dense_4h_to_h",
    "feat: in, out": "3072, 768",
    "dtype: size": "f16: 4.8MB",
    "loss": "0.0000000127",
    "samples": "131072",
    "damp": "0.10000",
    "time": "3.804",
    "fwd_time": "5.442",
    "(v)ram": "n/a"
}
{
    "process": "gptq",
    "layer": 2,
    "module": "attention.query_key_value",
    "feat: in, out": "768, 2304",
    "dtype: size": "f16: 3.6MB",
    "loss": "0.0000010769",
    "samples": "131072",
    "damp": "0.10000",
    "time": "0.884",
    "fwd_time": "1.378",
    "(v)ram": "n/a"
}
{
    "process": "gptq",
    "layer": 2,
    "module": "attention.dense",
    "feat: in, out": "768, 768",
    "dtype: size": "f16: 1.2MB",
    "loss": "0.0000000129",
    "samples": "131072",
    "damp": "0.10000",
    "time": "0.899",
    "fwd_time": "2.793",
    "(v)ram": "n/a"
}
{
    "process": "gptq",
    "layer": 2,
    "module": "mlp.dense_h_to_4h",
    "feat: in, out": "768, 3072",
    "dtype: size": "f16: 4.8MB",
    "loss": "0.0000014390",
    "samples": "131072",
    "damp": "0.10000",
    "time": "0.969",
    "fwd_time": "2.968",
    "(v)ram": "n/a"
}
{
    "process": "gptq",
    "layer": 2,
    "module": "mlp.dense_4h_to_h",
    "feat: in, out": "3072, 768",
    "dtype: size": "f16: 4.8MB",
    "loss": "0.0000000226",
    "samples": "131072",
    "damp": "0.10000",
    "time": "3.847",
    "fwd_time": "5.357",
    "(v)ram": "n/a"
}
{
    "process": "gptq",
    "layer": 3,
    "module": "attention.query_key_value",
    "feat: in, out": "768, 2304",
    "dtype: size": "f16: 3.6MB",
    "loss": "0.0000010074",
    "samples": "131072",
    "damp": "0.10000",
    "time": "0.808",
    "fwd_time": "1.238",
    "(v)ram": "n/a"
}
{
    "process": "gptq",
    "layer": 3,
    "module": "attention.dense",
    "feat: in, out": "768, 768",
    "dtype: size": "f16: 1.2MB",
    "loss": "0.0000000247",
    "samples": "131072",
    "damp": "0.10000",
    "time": "0.687",
    "fwd_time": "2.020",
    "(v)ram": "n/a"
}
{
    "process": "gptq",
    "layer": 3,
    "module": "mlp.dense_h_to_4h",
    "feat: in, out": "768, 3072",
    "dtype: size": "f16: 4.8MB",
    "loss": "0.0000011096",
    "samples": "131072",
    "damp": "0.10000",
    "time": "0.781",
    "fwd_time": "2.119",
    "(v)ram": "n/a"
}
{
    "process": "gptq",
    "layer": 3,
    "module": "mlp.dense_4h_to_h",
    "feat: in, out": "3072, 768",
    "dtype: size": "f16: 4.8MB",
    "loss": "0.0000000255",
    "samples": "131072",
    "damp": "0.10000",
    "time": "2.992",
    "fwd_time": "5.201",
    "(v)ram": "n/a"
}
{
    "process": "gptq",
    "layer": 4,
    "module": "attention.query_key_value",
    "feat: in, out": "768, 2304",
    "dtype: size": "f16: 3.6MB",
    "loss": "0.0000017265",
    "samples": "131072",
    "damp": "0.10000",
    "time": "0.800",
    "fwd_time": "1.149",
    "(v)ram": "n/a"
}
{
    "process": "gptq",
    "layer": 4,
    "module": "attention.dense",
    "feat: in, out": "768, 768",
    "dtype: size": "f16: 1.2MB",
    "loss": "0.0000000131",
    "samples": "131072",
    "damp": "0.10000",
    "time": "0.674",
    "fwd_time": "2.094",
    "(v)ram": "n/a"
}
{
    "process": "gptq",
    "layer": 4,
    "module": "mlp.dense_h_to_4h",
    "feat: in, out": "768, 3072",
    "dtype: size": "f16: 4.8MB",
    "loss": "0.0000008616",
    "samples": "131072",
    "damp": "0.10000",
    "time": "0.818",
    "fwd_time": "2.192",
    "(v)ram": "n/a"
}
{
    "process": "gptq",
    "layer": 4,
    "module": "mlp.dense_4h_to_h",
    "feat: in, out": "3072, 768",
    "dtype: size": "f16: 4.8MB",
    "loss": "0.0000000249",
    "samples": "131072",
    "damp": "0.10000",
    "time": "3.634",
    "fwd_time": "5.440",
    "(v)ram": "n/a"
}
{
    "process": "gptq",
    "layer": 5,
    "module": "attention.query_key_value",
    "feat: in, out": "768, 2304",
    "dtype: size": "f16: 3.6MB",
    "loss": "0.0000021855",
    "samples": "131072",
    "damp": "0.10000",
    "time": "0.937",
    "fwd_time": "1.250",
    "(v)ram": "n/a"
}
{
    "process": "gptq",
    "layer": 5,
    "module": "attention.dense",
    "feat: in, out": "768, 768",
    "dtype: size": "f16: 1.2MB",
    "loss": "0.0000000160",
    "samples": "131072",
    "damp": "0.10000",
    "time": "0.896",
    "fwd_time": "2.702",
    "(v)ram": "n/a"
}
{
    "process": "gptq",
    "layer": 5,
    "module": "mlp.dense_h_to_4h",
    "feat: in, out": "768, 3072",
    "dtype: size": "f16: 4.8MB",
    "loss": "0.0000008423",
    "samples": "131072",
    "damp": "0.10000",
    "time": "0.997",
    "fwd_time": "2.924",
    "(v)ram": "n/a"
}
{
    "process": "gptq",
    "layer": 5,
    "module": "mlp.dense_4h_to_h",
    "feat: in, out": "3072, 768",
    "dtype: size": "f16: 4.8MB",
    "loss": "0.0000000306",
    "samples": "131072",
    "damp": "0.10000",
    "time": "3.680",
    "fwd_time": "5.462",
    "(v)ram": "n/a"
}
{
    "process": "gptq",
    "layer": 6,
    "module": "attention.query_key_value",
    "feat: in, out": "768, 2304",
    "dtype: size": "f16: 3.6MB",
    "loss": "0.0000036561",
    "samples": "131072",
    "damp": "0.10000",
    "time": "0.949",
    "fwd_time": "1.266",
    "(v)ram": "n/a"
}
{
    "process": "gptq",
    "layer": 6,
    "module": "attention.dense",
    "feat: in, out": "768, 768",
    "dtype: size": "f16: 1.2MB",
    "loss": "0.0000000138",
    "samples": "131072",
    "damp": "0.10000",
    "time": "0.878",
    "fwd_time": "2.708",
    "(v)ram": "n/a"
}
{
    "process": "gptq",
    "layer": 6,
    "module": "mlp.dense_h_to_4h",
    "feat: in, out": "768, 3072",
    "dtype: size": "f16: 4.8MB",
    "loss": "0.0000008612",
    "samples": "131072",
    "damp": "0.10000",
    "time": "0.973",
    "fwd_time": "2.919",
    "(v)ram": "n/a"
}
{
    "process": "gptq",
    "layer": 6,
    "module": "mlp.dense_4h_to_h",
    "feat: in, out": "3072, 768",
    "dtype: size": "f16: 4.8MB",
    "loss": "0.0000000317",
    "samples": "131072",
    "damp": "0.10000",
    "time": "3.701",
    "fwd_time": "5.580",
    "(v)ram": "n/a"
}
{
    "process": "gptq",
    "layer": 7,
    "module": "attention.query_key_value",
    "feat: in, out": "768, 2304",
    "dtype: size": "f16: 3.6MB",
    "loss": "0.0000104227",
    "samples": "131072",
    "damp": "0.10000",
    "time": "0.920",
    "fwd_time": "1.254",
    "(v)ram": "n/a"
}
{
    "process": "gptq",
    "layer": 7,
    "module": "attention.dense",
    "feat: in, out": "768, 768",
    "dtype: size": "f16: 1.2MB",
    "loss": "0.0000000239",
    "samples": "131072",
    "damp": "0.10000",
    "time": "0.883",
    "fwd_time": "2.678",
    "(v)ram": "n/a"
}
{
    "process": "gptq",
    "layer": 7,
    "module": "mlp.dense_h_to_4h",
    "feat: in, out": "768, 3072",
    "dtype: size": "f16: 4.8MB",
    "loss": "0.0000009374",
    "samples": "131072",
    "damp": "0.10000",
    "time": "0.979",
    "fwd_time": "2.846",
    "(v)ram": "n/a"
}
{
    "process": "gptq",
    "layer": 7,
    "module": "mlp.dense_4h_to_h",
    "feat: in, out": "3072, 768",
    "dtype: size": "f16: 4.8MB",
    "loss": "0.0000000443",
    "samples": "131072",
    "damp": "0.10000",
    "time": "3.629",
    "fwd_time": "5.679",
    "(v)ram": "n/a"
}
{
    "process": "gptq",
    "layer": 8,
    "module": "attention.query_key_value",
    "feat: in, out": "768, 2304",
    "dtype: size": "f16: 3.6MB",
    "loss": "0.0000350759",
    "samples": "131072",
    "damp": "0.10000",
    "time": "0.768",
    "fwd_time": "1.135",
    "(v)ram": "n/a"
}
{
    "process": "gptq",
    "layer": 8,
    "module": "attention.dense",
    "feat: in, out": "768, 768",
    "dtype: size": "f16: 1.2MB",
    "loss": "0.0000000217",
    "samples": "131072",
    "damp": "0.10000",
    "time": "0.682",
    "fwd_time": "2.083",
    "(v)ram": "n/a"
}
{
    "process": "gptq",
    "layer": 8,
    "module": "mlp.dense_h_to_4h",
    "feat: in, out": "768, 3072",
    "dtype: size": "f16: 4.8MB",
    "loss": "0.0000010439",
    "samples": "131072",
    "damp": "0.10000",
    "time": "0.785",
    "fwd_time": "2.090",
    "(v)ram": "n/a"
}
{
    "process": "gptq",
    "layer": 8,
    "module": "mlp.dense_4h_to_h",
    "feat: in, out": "3072, 768",
    "dtype: size": "f16: 4.8MB",
    "loss": "0.0000000673",
    "samples": "131072",
    "damp": "0.10000",
    "time": "2.980",
    "fwd_time": "6.113",
    "(v)ram": "n/a"
}
{
    "process": "gptq",
    "layer": 9,
    "module": "attention.query_key_value",
    "feat: in, out": "768, 2304",
    "dtype: size": "f16: 3.6MB",
    "loss": "0.0000624756",
    "samples": "131072",
    "damp": "0.10000",
    "time": "0.766",
    "fwd_time": "1.151",
    "(v)ram": "n/a"
}
{
    "process": "gptq",
    "layer": 9,
    "module": "attention.dense",
    "feat: in, out": "768, 768",
    "dtype: size": "f16: 1.2MB",
    "loss": "0.0000000105",
    "samples": "131072",
    "damp": "0.10000",
    "time": "0.710",
    "fwd_time": "1.994",
    "(v)ram": "n/a"
}
{
    "process": "gptq",
    "layer": 9,
    "module": "mlp.dense_h_to_4h",
    "feat: in, out": "768, 3072",
    "dtype: size": "f16: 4.8MB",
    "loss": "0.0000011307",
    "samples": "131072",
    "damp": "0.10000",
    "time": "0.779",
    "fwd_time": "2.157",
    "(v)ram": "n/a"
}
{
    "process": "gptq",
    "layer": 9,
    "module": "mlp.dense_4h_to_h",
    "feat: in, out": "3072, 768",
    "dtype: size": "f16: 4.8MB",
    "loss": "0.0000000981",
    "samples": "131072",
    "damp": "0.10000",
    "time": "3.023",
    "fwd_time": "6.281",
    "(v)ram": "n/a"
}
{
    "process": "gptq",
    "layer": 10,
    "module": "attention.query_key_value",
    "feat: in, out": "768, 2304",
    "dtype: size": "f16: 3.6MB",
    "loss": "0.0001571895",
    "samples": "131072",
    "damp": "0.10000",
    "time": "0.760",
    "fwd_time": "1.142",
    "(v)ram": "n/a"
}
{
    "process": "gptq",
    "layer": 10,
    "module": "attention.dense",
    "feat: in, out": "768, 768",
    "dtype: size": "f16: 1.2MB",
    "loss": "0.0000000106",
    "samples": "131072",
    "damp": "0.10000",
    "time": "0.685",
    "fwd_time": "2.018",
    "(v)ram": "n/a"
}
{
    "process": "gptq",
    "layer": 10,
    "module": "mlp.dense_h_to_4h",
    "feat: in, out": "768, 3072",
    "dtype: size": "f16: 4.8MB",
    "loss": "0.0000010876",
    "samples": "131072",
    "damp": "0.10000",
    "time": "0.800",
    "fwd_time": "2.341",
    "(v)ram": "n/a"
}
{
    "process": "gptq",
    "layer": 10,
    "module": "mlp.dense_4h_to_h",
    "feat: in, out": "3072, 768",
    "dtype: size": "f16: 4.8MB",
    "loss": "0.0000001461",
    "samples": "131072",
    "damp": "0.10000",
    "time": "3.047",
    "fwd_time": "6.304",
    "(v)ram": "n/a"
}
{
    "process": "gptq",
    "layer": 11,
    "module": "attention.query_key_value",
    "feat: in, out": "768, 2304",
    "dtype: size": "f16: 3.6MB",
    "loss": "0.0001298461",
    "samples": "131072",
    "damp": "0.10000",
    "time": "0.769",
    "fwd_time": "1.167",
    "(v)ram": "n/a"
}
{
    "process": "gptq",
    "layer": 11,
    "module": "attention.dense",
    "feat: in, out": "768, 768",
    "dtype: size": "f16: 1.2MB",
    "loss": "0.0000000124",
    "samples": "131072",
    "damp": "0.10000",
    "time": "0.660",
    "fwd_time": "2.190",
    "(v)ram": "n/a"
}
{
    "process": "gptq",
    "layer": 11,
    "module": "mlp.dense_h_to_4h",
    "feat: in, out": "768, 3072",
    "dtype: size": "f16: 4.8MB",
    "loss": "0.0000012399",
    "samples": "131072",
    "damp": "0.10000",
    "time": "0.802",
    "fwd_time": "2.463",
    "(v)ram": "n/a"
}
{
    "process": "gptq",
    "layer": 11,
    "module": "mlp.dense_4h_to_h",
    "feat: in, out": "3072, 768",
    "dtype: size": "f16: 4.8MB",
    "loss": "0.0000002332",
    "samples": "131072",
    "damp": "0.10000",
    "time": "2.994",
    "fwd_time": "6.612",
    "(v)ram": "n/a"
}
