{
    "process": "gptq",
    "layer": 0,
    "module": "attention.query_key_value",
    "feat: in, out": "768, 2304",
    "dtype: size": "f16: 3.6MB",
    "loss": "0.0000040646",
    "samples": "131072",
    "damp": "0.10000",
    "time": "1.477",
    "fwd_time": "1.643",
    "(v)ram": "n/a"
}
{
    "process": "gptq",
    "layer": 0,
    "module": "attention.dense",
    "feat: in, out": "768, 768",
    "dtype: size": "f16: 1.2MB",
    "loss": "0.0000000213",
    "samples": "131072",
    "damp": "0.10000",
    "time": "0.500",
    "fwd_time": "2.228",
    "(v)ram": "n/a"
}
{
    "process": "gptq",
    "layer": 0,
    "module": "mlp.dense_h_to_4h",
    "feat: in, out": "768, 3072",
    "dtype: size": "f16: 4.8MB",
    "loss": "0.0000014756",
    "samples": "131072",
    "damp": "0.10000",
    "time": "0.780",
    "fwd_time": "2.438",
    "(v)ram": "n/a"
}
{
    "process": "gptq",
    "layer": 0,
    "module": "mlp.dense_4h_to_h",
    "feat: in, out": "3072, 768",
    "dtype: size": "f16: 4.8MB",
    "loss": "0.0000000306",
    "samples": "131072",
    "damp": "0.10000",
    "time": "2.779",
    "fwd_time": "5.105",
    "(v)ram": "n/a"
}
{
    "process": "gptq",
    "layer": 1,
    "module": "attention.query_key_value",
    "feat: in, out": "768, 2304",
    "dtype: size": "f16: 3.6MB",
    "loss": "0.0000037985",
    "samples": "131072",
    "damp": "0.10000",
    "time": "0.673",
    "fwd_time": "1.147",
    "(v)ram": "n/a"
}
{
    "process": "gptq",
    "layer": 1,
    "module": "attention.dense",
    "feat: in, out": "768, 768",
    "dtype: size": "f16: 1.2MB",
    "loss": "0.0000000258",
    "samples": "131072",
    "damp": "0.10000",
    "time": "0.697",
    "fwd_time": "1.993",
    "(v)ram": "n/a"
}
{
    "process": "gptq",
    "layer": 1,
    "module": "mlp.dense_h_to_4h",
    "feat: in, out": "768, 3072",
    "dtype: size": "f16: 4.8MB",
    "loss": "0.0000071104",
    "samples": "131072",
    "damp": "0.10000",
    "time": "0.758",
    "fwd_time": "2.168",
    "(v)ram": "n/a"
}
{
    "process": "gptq",
    "layer": 1,
    "module": "mlp.dense_4h_to_h",
    "feat: in, out": "3072, 768",
    "dtype: size": "f16: 4.8MB",
    "loss": "0.0000000518",
    "samples": "131072",
    "damp": "0.10000",
    "time": "2.904",
    "fwd_time": "5.190",
    "(v)ram": "n/a"
}
{
    "process": "gptq",
    "layer": 2,
    "module": "attention.query_key_value",
    "feat: in, out": "768, 2304",
    "dtype: size": "f16: 3.6MB",
    "loss": "0.0000043669",
    "samples": "131072",
    "damp": "0.10000",
    "time": "0.749",
    "fwd_time": "1.190",
    "(v)ram": "n/a"
}
{
    "process": "gptq",
    "layer": 2,
    "module": "attention.dense",
    "feat: in, out": "768, 768",
    "dtype: size": "f16: 1.2MB",
    "loss": "0.0000000524",
    "samples": "131072",
    "damp": "0.10000",
    "time": "0.731",
    "fwd_time": "2.385",
    "(v)ram": "n/a"
}
{
    "process": "gptq",
    "layer": 2,
    "module": "mlp.dense_h_to_4h",
    "feat: in, out": "768, 3072",
    "dtype: size": "f16: 4.8MB",
    "loss": "0.0000058615",
    "samples": "131072",
    "damp": "0.10000",
    "time": "0.764",
    "fwd_time": "2.116",
    "(v)ram": "n/a"
}
{
    "process": "gptq",
    "layer": 2,
    "module": "mlp.dense_4h_to_h",
    "feat: in, out": "3072, 768",
    "dtype: size": "f16: 4.8MB",
    "loss": "0.0000000917",
    "samples": "131072",
    "damp": "0.10000",
    "time": "2.967",
    "fwd_time": "5.172",
    "(v)ram": "n/a"
}
{
    "process": "gptq",
    "layer": 3,
    "module": "attention.query_key_value",
    "feat: in, out": "768, 2304",
    "dtype: size": "f16: 3.6MB",
    "loss": "0.0000040811",
    "samples": "131072",
    "damp": "0.10000",
    "time": "0.755",
    "fwd_time": "1.138",
    "(v)ram": "n/a"
}
{
    "process": "gptq",
    "layer": 3,
    "module": "attention.dense",
    "feat: in, out": "768, 768",
    "dtype: size": "f16: 1.2MB",
    "loss": "0.0000001001",
    "samples": "131072",
    "damp": "0.10000",
    "time": "0.675",
    "fwd_time": "2.066",
    "(v)ram": "n/a"
}
{
    "process": "gptq",
    "layer": 3,
    "module": "mlp.dense_h_to_4h",
    "feat: in, out": "768, 3072",
    "dtype: size": "f16: 4.8MB",
    "loss": "0.0000045104",
    "samples": "131072",
    "damp": "0.10000",
    "time": "0.820",
    "fwd_time": "2.229",
    "(v)ram": "n/a"
}
{
    "process": "gptq",
    "layer": 3,
    "module": "mlp.dense_4h_to_h",
    "feat: in, out": "3072, 768",
    "dtype: size": "f16: 4.8MB",
    "loss": "0.0000001035",
    "samples": "131072",
    "damp": "0.10000",
    "time": "3.015",
    "fwd_time": "5.278",
    "(v)ram": "n/a"
}
{
    "process": "gptq",
    "layer": 4,
    "module": "attention.query_key_value",
    "feat: in, out": "768, 2304",
    "dtype: size": "f16: 3.6MB",
    "loss": "0.0000070285",
    "samples": "131072",
    "damp": "0.10000",
    "time": "0.831",
    "fwd_time": "1.173",
    "(v)ram": "n/a"
}
{
    "process": "gptq",
    "layer": 4,
    "module": "attention.dense",
    "feat: in, out": "768, 768",
    "dtype: size": "f16: 1.2MB",
    "loss": "0.0000000529",
    "samples": "131072",
    "damp": "0.10000",
    "time": "0.703",
    "fwd_time": "2.041",
    "(v)ram": "n/a"
}
{
    "process": "gptq",
    "layer": 4,
    "module": "mlp.dense_h_to_4h",
    "feat: in, out": "768, 3072",
    "dtype: size": "f16: 4.8MB",
    "loss": "0.0000035011",
    "samples": "131072",
    "damp": "0.10000",
    "time": "0.800",
    "fwd_time": "2.180",
    "(v)ram": "n/a"
}
{
    "process": "gptq",
    "layer": 4,
    "module": "mlp.dense_4h_to_h",
    "feat: in, out": "3072, 768",
    "dtype: size": "f16: 4.8MB",
    "loss": "0.0000001014",
    "samples": "131072",
    "damp": "0.10000",
    "time": "2.979",
    "fwd_time": "5.470",
    "(v)ram": "n/a"
}
{
    "process": "gptq",
    "layer": 5,
    "module": "attention.query_key_value",
    "feat: in, out": "768, 2304",
    "dtype: size": "f16: 3.6MB",
    "loss": "0.0000088785",
    "samples": "131072",
    "damp": "0.10000",
    "time": "0.778",
    "fwd_time": "1.135",
    "(v)ram": "n/a"
}
{
    "process": "gptq",
    "layer": 5,
    "module": "attention.dense",
    "feat: in, out": "768, 768",
    "dtype: size": "f16: 1.2MB",
    "loss": "0.0000000649",
    "samples": "131072",
    "damp": "0.10000",
    "time": "0.721",
    "fwd_time": "1.990",
    "(v)ram": "n/a"
}
{
    "process": "gptq",
    "layer": 5,
    "module": "mlp.dense_h_to_4h",
    "feat: in, out": "768, 3072",
    "dtype: size": "f16: 4.8MB",
    "loss": "0.0000034252",
    "samples": "131072",
    "damp": "0.10000",
    "time": "0.781",
    "fwd_time": "2.103",
    "(v)ram": "n/a"
}
{
    "process": "gptq",
    "layer": 5,
    "module": "mlp.dense_4h_to_h",
    "feat: in, out": "3072, 768",
    "dtype: size": "f16: 4.8MB",
    "loss": "0.0000001239",
    "samples": "131072",
    "damp": "0.10000",
    "time": "2.976",
    "fwd_time": "5.752",
    "(v)ram": "n/a"
}
{
    "process": "gptq",
    "layer": 6,
    "module": "attention.query_key_value",
    "feat: in, out": "768, 2304",
    "dtype: size": "f16: 3.6MB",
    "loss": "0.0000149274",
    "samples": "131072",
    "damp": "0.10000",
    "time": "0.820",
    "fwd_time": "1.149",
    "(v)ram": "n/a"
}
{
    "process": "gptq",
    "layer": 6,
    "module": "attention.dense",
    "feat: in, out": "768, 768",
    "dtype: size": "f16: 1.2MB",
    "loss": "0.0000000565",
    "samples": "131072",
    "damp": "0.10000",
    "time": "0.734",
    "fwd_time": "2.018",
    "(v)ram": "n/a"
}
{
    "process": "gptq",
    "layer": 6,
    "module": "mlp.dense_h_to_4h",
    "feat: in, out": "768, 3072",
    "dtype: size": "f16: 4.8MB",
    "loss": "0.0000035016",
    "samples": "131072",
    "damp": "0.10000",
    "time": "0.792",
    "fwd_time": "2.255",
    "(v)ram": "n/a"
}
{
    "process": "gptq",
    "layer": 6,
    "module": "mlp.dense_4h_to_h",
    "feat: in, out": "3072, 768",
    "dtype: size": "f16: 4.8MB",
    "loss": "0.0000001287",
    "samples": "131072",
    "damp": "0.10000",
    "time": "2.978",
    "fwd_time": "5.891",
    "(v)ram": "n/a"
}
{
    "process": "gptq",
    "layer": 7,
    "module": "attention.query_key_value",
    "feat: in, out": "768, 2304",
    "dtype: size": "f16: 3.6MB",
    "loss": "0.0000421883",
    "samples": "131072",
    "damp": "0.10000",
    "time": "0.767",
    "fwd_time": "1.146",
    "(v)ram": "n/a"
}
{
    "process": "gptq",
    "layer": 7,
    "module": "attention.dense",
    "feat: in, out": "768, 768",
    "dtype: size": "f16: 1.2MB",
    "loss": "0.0000000971",
    "samples": "131072",
    "damp": "0.10000",
    "time": "0.706",
    "fwd_time": "2.091",
    "(v)ram": "n/a"
}
{
    "process": "gptq",
    "layer": 7,
    "module": "mlp.dense_h_to_4h",
    "feat: in, out": "768, 3072",
    "dtype: size": "f16: 4.8MB",
    "loss": "0.0000038121",
    "samples": "131072",
    "damp": "0.10000",
    "time": "0.772",
    "fwd_time": "2.168",
    "(v)ram": "n/a"
}
{
    "process": "gptq",
    "layer": 7,
    "module": "mlp.dense_4h_to_h",
    "feat: in, out": "3072, 768",
    "dtype: size": "f16: 4.8MB",
    "loss": "0.0000001797",
    "samples": "131072",
    "damp": "0.10000",
    "time": "2.984",
    "fwd_time": "6.087",
    "(v)ram": "n/a"
}
{
    "process": "gptq",
    "layer": 8,
    "module": "attention.query_key_value",
    "feat: in, out": "768, 2304",
    "dtype: size": "f16: 3.6MB",
    "loss": "0.0001428842",
    "samples": "131072",
    "damp": "0.10000",
    "time": "0.779",
    "fwd_time": "1.157",
    "(v)ram": "n/a"
}
{
    "process": "gptq",
    "layer": 8,
    "module": "attention.dense",
    "feat: in, out": "768, 768",
    "dtype: size": "f16: 1.2MB",
    "loss": "0.0000000981",
    "samples": "131072",
    "damp": "0.10000",
    "time": "0.710",
    "fwd_time": "2.074",
    "(v)ram": "n/a"
}
{
    "process": "gptq",
    "layer": 8,
    "module": "mlp.dense_h_to_4h",
    "feat: in, out": "768, 3072",
    "dtype: size": "f16: 4.8MB",
    "loss": "0.0000042347",
    "samples": "131072",
    "damp": "0.10000",
    "time": "0.805",
    "fwd_time": "2.338",
    "(v)ram": "n/a"
}
{
    "process": "gptq",
    "layer": 8,
    "module": "mlp.dense_4h_to_h",
    "feat: in, out": "3072, 768",
    "dtype: size": "f16: 4.8MB",
    "loss": "0.0000002720",
    "samples": "131072",
    "damp": "0.10000",
    "time": "3.009",
    "fwd_time": "6.385",
    "(v)ram": "n/a"
}
{
    "process": "gptq",
    "layer": 9,
    "module": "attention.query_key_value",
    "feat: in, out": "768, 2304",
    "dtype: size": "f16: 3.6MB",
    "loss": "0.0002553988",
    "samples": "131072",
    "damp": "0.10000",
    "time": "0.729",
    "fwd_time": "1.240",
    "(v)ram": "n/a"
}
{
    "process": "gptq",
    "layer": 9,
    "module": "attention.dense",
    "feat: in, out": "768, 768",
    "dtype: size": "f16: 1.2MB",
    "loss": "0.0000000433",
    "samples": "131072",
    "damp": "0.10000",
    "time": "0.997",
    "fwd_time": "2.223",
    "(v)ram": "n/a"
}
{
    "process": "gptq",
    "layer": 9,
    "module": "mlp.dense_h_to_4h",
    "feat: in, out": "768, 3072",
    "dtype: size": "f16: 4.8MB",
    "loss": "0.0000046128",
    "samples": "131072",
    "damp": "0.10000",
    "time": "0.797",
    "fwd_time": "3.260",
    "(v)ram": "n/a"
}
{
    "process": "gptq",
    "layer": 9,
    "module": "mlp.dense_4h_to_h",
    "feat: in, out": "3072, 768",
    "dtype: size": "f16: 4.8MB",
    "loss": "0.0000003994",
    "samples": "131072",
    "damp": "0.10000",
    "time": "2.963",
    "fwd_time": "6.998",
    "(v)ram": "n/a"
}
{
    "process": "gptq",
    "layer": 10,
    "module": "attention.query_key_value",
    "feat: in, out": "768, 2304",
    "dtype: size": "f16: 3.6MB",
    "loss": "0.0006406999",
    "samples": "131072",
    "damp": "0.10000",
    "time": "0.758",
    "fwd_time": "1.182",
    "(v)ram": "n/a"
}
{
    "process": "gptq",
    "layer": 10,
    "module": "attention.dense",
    "feat: in, out": "768, 768",
    "dtype: size": "f16: 1.2MB",
    "loss": "0.0000000434",
    "samples": "131072",
    "damp": "0.10000",
    "time": "0.711",
    "fwd_time": "2.241",
    "(v)ram": "n/a"
}
{
    "process": "gptq",
    "layer": 10,
    "module": "mlp.dense_h_to_4h",
    "feat: in, out": "768, 3072",
    "dtype: size": "f16: 4.8MB",
    "loss": "0.0000044261",
    "samples": "131072",
    "damp": "0.10000",
    "time": "0.790",
    "fwd_time": "2.478",
    "(v)ram": "n/a"
}
{
    "process": "gptq",
    "layer": 10,
    "module": "mlp.dense_4h_to_h",
    "feat: in, out": "3072, 768",
    "dtype: size": "f16: 4.8MB",
    "loss": "0.0000005924",
    "samples": "131072",
    "damp": "0.10000",
    "time": "2.984",
    "fwd_time": "6.798",
    "(v)ram": "n/a"
}
{
    "process": "gptq",
    "layer": 11,
    "module": "attention.query_key_value",
    "feat: in, out": "768, 2304",
    "dtype: size": "f16: 3.6MB",
    "loss": "0.0005260014",
    "samples": "131072",
    "damp": "0.10000",
    "time": "0.762",
    "fwd_time": "1.194",
    "(v)ram": "n/a"
}
{
    "process": "gptq",
    "layer": 11,
    "module": "attention.dense",
    "feat: in, out": "768, 768",
    "dtype: size": "f16: 1.2MB",
    "loss": "0.0000000504",
    "samples": "131072",
    "damp": "0.10000",
    "time": "0.692",
    "fwd_time": "2.249",
    "(v)ram": "n/a"
}
{
    "process": "gptq",
    "layer": 11,
    "module": "mlp.dense_h_to_4h",
    "feat: in, out": "768, 3072",
    "dtype: size": "f16: 4.8MB",
    "loss": "0.0000050432",
    "samples": "131072",
    "damp": "0.10000",
    "time": "0.793",
    "fwd_time": "2.543",
    "(v)ram": "n/a"
}
{
    "process": "gptq",
    "layer": 11,
    "module": "mlp.dense_4h_to_h",
    "feat: in, out": "3072, 768",
    "dtype: size": "f16: 4.8MB",
    "loss": "0.0000009502",
    "samples": "131072",
    "damp": "0.10000",
    "time": "3.037",
    "fwd_time": "6.570",
    "(v)ram": "n/a"
}
