{
    "process": "gptq",
    "layer": 0,
    "module": "attention.query_key_value",
    "feat: in, out": "768, 2304",
    "dtype: size": "f16: 3.6MB",
    "loss": "0.0000002481",
    "samples": "131072",
    "damp": "0.10000",
    "time": "1.387",
    "fwd_time": "1.576",
    "(v)ram": "n/a"
}
{
    "process": "gptq",
    "layer": 0,
    "module": "attention.dense",
    "feat: in, out": "768, 768",
    "dtype: size": "f16: 1.2MB",
    "loss": "0.0000000013",
    "samples": "131072",
    "damp": "0.10000",
    "time": "0.499",
    "fwd_time": "1.968",
    "(v)ram": "n/a"
}
{
    "process": "gptq",
    "layer": 0,
    "module": "mlp.dense_h_to_4h",
    "feat: in, out": "768, 3072",
    "dtype: size": "f16: 4.8MB",
    "loss": "0.0000000900",
    "samples": "131072",
    "damp": "0.10000",
    "time": "0.753",
    "fwd_time": "2.347",
    "(v)ram": "n/a"
}
{
    "process": "gptq",
    "layer": 0,
    "module": "mlp.dense_4h_to_h",
    "feat: in, out": "3072, 768",
    "dtype: size": "f16: 4.8MB",
    "loss": "0.0000000019",
    "samples": "131072",
    "damp": "0.10000",
    "time": "2.922",
    "fwd_time": "5.135",
    "(v)ram": "n/a"
}
{
    "process": "gptq",
    "layer": 1,
    "module": "attention.query_key_value",
    "feat: in, out": "768, 2304",
    "dtype: size": "f16: 3.6MB",
    "loss": "0.0000002318",
    "samples": "131072",
    "damp": "0.10000",
    "time": "0.724",
    "fwd_time": "1.164",
    "(v)ram": "n/a"
}
{
    "process": "gptq",
    "layer": 1,
    "module": "attention.dense",
    "feat: in, out": "768, 768",
    "dtype: size": "f16: 1.2MB",
    "loss": "0.0000000016",
    "samples": "131072",
    "damp": "0.10000",
    "time": "0.612",
    "fwd_time": "1.989",
    "(v)ram": "n/a"
}
{
    "process": "gptq",
    "layer": 1,
    "module": "mlp.dense_h_to_4h",
    "feat: in, out": "768, 3072",
    "dtype: size": "f16: 4.8MB",
    "loss": "0.0000004346",
    "samples": "131072",
    "damp": "0.10000",
    "time": "0.669",
    "fwd_time": "2.076",
    "(v)ram": "n/a"
}
{
    "process": "gptq",
    "layer": 1,
    "module": "mlp.dense_4h_to_h",
    "feat: in, out": "3072, 768",
    "dtype: size": "f16: 4.8MB",
    "loss": "0.0000000032",
    "samples": "131072",
    "damp": "0.10000",
    "time": "2.684",
    "fwd_time": "5.239",
    "(v)ram": "n/a"
}
{
    "process": "gptq",
    "layer": 2,
    "module": "attention.query_key_value",
    "feat: in, out": "768, 2304",
    "dtype: size": "f16: 3.6MB",
    "loss": "0.0000002673",
    "samples": "131072",
    "damp": "0.10000",
    "time": "0.816",
    "fwd_time": "1.179",
    "(v)ram": "n/a"
}
{
    "process": "gptq",
    "layer": 2,
    "module": "attention.dense",
    "feat: in, out": "768, 768",
    "dtype: size": "f16: 1.2MB",
    "loss": "0.0000000032",
    "samples": "131072",
    "damp": "0.10000",
    "time": "0.667",
    "fwd_time": "2.299",
    "(v)ram": "n/a"
}
{
    "process": "gptq",
    "layer": 2,
    "module": "mlp.dense_h_to_4h",
    "feat: in, out": "768, 3072",
    "dtype: size": "f16: 4.8MB",
    "loss": "0.0000003587",
    "samples": "131072",
    "damp": "0.10000",
    "time": "0.694",
    "fwd_time": "2.133",
    "(v)ram": "n/a"
}
{
    "process": "gptq",
    "layer": 2,
    "module": "mlp.dense_4h_to_h",
    "feat: in, out": "3072, 768",
    "dtype: size": "f16: 4.8MB",
    "loss": "0.0000000056",
    "samples": "131072",
    "damp": "0.10000",
    "time": "2.649",
    "fwd_time": "5.326",
    "(v)ram": "n/a"
}
{
    "process": "gptq",
    "layer": 3,
    "module": "attention.query_key_value",
    "feat: in, out": "768, 2304",
    "dtype: size": "f16: 3.6MB",
    "loss": "0.0000002499",
    "samples": "131072",
    "damp": "0.10000",
    "time": "0.683",
    "fwd_time": "1.161",
    "(v)ram": "n/a"
}
{
    "process": "gptq",
    "layer": 3,
    "module": "attention.dense",
    "feat: in, out": "768, 768",
    "dtype: size": "f16: 1.2MB",
    "loss": "0.0000000061",
    "samples": "131072",
    "damp": "0.10000",
    "time": "0.651",
    "fwd_time": "1.988",
    "(v)ram": "n/a"
}
{
    "process": "gptq",
    "layer": 3,
    "module": "mlp.dense_h_to_4h",
    "feat: in, out": "768, 3072",
    "dtype: size": "f16: 4.8MB",
    "loss": "0.0000002750",
    "samples": "131072",
    "damp": "0.10000",
    "time": "0.713",
    "fwd_time": "2.158",
    "(v)ram": "n/a"
}
{
    "process": "gptq",
    "layer": 3,
    "module": "mlp.dense_4h_to_h",
    "feat: in, out": "3072, 768",
    "dtype: size": "f16: 4.8MB",
    "loss": "0.0000000063",
    "samples": "131072",
    "damp": "0.10000",
    "time": "2.760",
    "fwd_time": "5.511",
    "(v)ram": "n/a"
}
{
    "process": "gptq",
    "layer": 4,
    "module": "attention.query_key_value",
    "feat: in, out": "768, 2304",
    "dtype: size": "f16: 3.6MB",
    "loss": "0.0000004271",
    "samples": "131072",
    "damp": "0.10000",
    "time": "0.697",
    "fwd_time": "1.139",
    "(v)ram": "n/a"
}
{
    "process": "gptq",
    "layer": 4,
    "module": "attention.dense",
    "feat: in, out": "768, 768",
    "dtype: size": "f16: 1.2MB",
    "loss": "0.0000000032",
    "samples": "131072",
    "damp": "0.10000",
    "time": "0.583",
    "fwd_time": "2.023",
    "(v)ram": "n/a"
}
{
    "process": "gptq",
    "layer": 4,
    "module": "mlp.dense_h_to_4h",
    "feat: in, out": "768, 3072",
    "dtype: size": "f16: 4.8MB",
    "loss": "0.0000002136",
    "samples": "131072",
    "damp": "0.10000",
    "time": "0.760",
    "fwd_time": "2.259",
    "(v)ram": "n/a"
}
{
    "process": "gptq",
    "layer": 4,
    "module": "mlp.dense_4h_to_h",
    "feat: in, out": "3072, 768",
    "dtype: size": "f16: 4.8MB",
    "loss": "0.0000000062",
    "samples": "131072",
    "damp": "0.10000",
    "time": "2.683",
    "fwd_time": "5.736",
    "(v)ram": "n/a"
}
{
    "process": "gptq",
    "layer": 5,
    "module": "attention.query_key_value",
    "feat: in, out": "768, 2304",
    "dtype: size": "f16: 3.6MB",
    "loss": "0.0000005423",
    "samples": "131072",
    "damp": "0.10000",
    "time": "0.688",
    "fwd_time": "1.243",
    "(v)ram": "n/a"
}
{
    "process": "gptq",
    "layer": 5,
    "module": "attention.dense",
    "feat: in, out": "768, 768",
    "dtype: size": "f16: 1.2MB",
    "loss": "0.0000000039",
    "samples": "131072",
    "damp": "0.10000",
    "time": "0.638",
    "fwd_time": "1.967",
    "(v)ram": "n/a"
}
{
    "process": "gptq",
    "layer": 5,
    "module": "mlp.dense_h_to_4h",
    "feat: in, out": "768, 3072",
    "dtype: size": "f16: 4.8MB",
    "loss": "0.0000002087",
    "samples": "131072",
    "damp": "0.10000",
    "time": "0.720",
    "fwd_time": "2.153",
    "(v)ram": "n/a"
}
{
    "process": "gptq",
    "layer": 5,
    "module": "mlp.dense_4h_to_h",
    "feat: in, out": "3072, 768",
    "dtype: size": "f16: 4.8MB",
    "loss": "0.0000000076",
    "samples": "131072",
    "damp": "0.10000",
    "time": "2.708",
    "fwd_time": "6.012",
    "(v)ram": "n/a"
}
{
    "process": "gptq",
    "layer": 6,
    "module": "attention.query_key_value",
    "feat: in, out": "768, 2304",
    "dtype: size": "f16: 3.6MB",
    "loss": "0.0000009077",
    "samples": "131072",
    "damp": "0.10000",
    "time": "0.709",
    "fwd_time": "1.139",
    "(v)ram": "n/a"
}
{
    "process": "gptq",
    "layer": 6,
    "module": "attention.dense",
    "feat: in, out": "768, 768",
    "dtype: size": "f16: 1.2MB",
    "loss": "0.0000000034",
    "samples": "131072",
    "damp": "0.10000",
    "time": "0.648",
    "fwd_time": "2.005",
    "(v)ram": "n/a"
}
{
    "process": "gptq",
    "layer": 6,
    "module": "mlp.dense_h_to_4h",
    "feat: in, out": "768, 3072",
    "dtype: size": "f16: 4.8MB",
    "loss": "0.0000002137",
    "samples": "131072",
    "damp": "0.10000",
    "time": "0.682",
    "fwd_time": "2.197",
    "(v)ram": "n/a"
}
{
    "process": "gptq",
    "layer": 6,
    "module": "mlp.dense_4h_to_h",
    "feat: in, out": "3072, 768",
    "dtype: size": "f16: 4.8MB",
    "loss": "0.0000000078",
    "samples": "131072",
    "damp": "0.10000",
    "time": "2.711",
    "fwd_time": "6.272",
    "(v)ram": "n/a"
}
{
    "process": "gptq",
    "layer": 7,
    "module": "attention.query_key_value",
    "feat: in, out": "768, 2304",
    "dtype: size": "f16: 3.6MB",
    "loss": "0.0000025829",
    "samples": "131072",
    "damp": "0.10000",
    "time": "0.703",
    "fwd_time": "1.150",
    "(v)ram": "n/a"
}
{
    "process": "gptq",
    "layer": 7,
    "module": "attention.dense",
    "feat: in, out": "768, 768",
    "dtype: size": "f16: 1.2MB",
    "loss": "0.0000000059",
    "samples": "131072",
    "damp": "0.10000",
    "time": "0.600",
    "fwd_time": "2.156",
    "(v)ram": "n/a"
}
{
    "process": "gptq",
    "layer": 7,
    "module": "mlp.dense_h_to_4h",
    "feat: in, out": "768, 3072",
    "dtype: size": "f16: 4.8MB",
    "loss": "0.0000002325",
    "samples": "131072",
    "damp": "0.10000",
    "time": "0.717",
    "fwd_time": "2.337",
    "(v)ram": "n/a"
}
{
    "process": "gptq",
    "layer": 7,
    "module": "mlp.dense_4h_to_h",
    "feat: in, out": "3072, 768",
    "dtype: size": "f16: 4.8MB",
    "loss": "0.0000000109",
    "samples": "131072",
    "damp": "0.10000",
    "time": "2.707",
    "fwd_time": "6.680",
    "(v)ram": "n/a"
}
{
    "process": "gptq",
    "layer": 8,
    "module": "attention.query_key_value",
    "feat: in, out": "768, 2304",
    "dtype: size": "f16: 3.6MB",
    "loss": "0.0000086975",
    "samples": "131072",
    "damp": "0.10000",
    "time": "0.693",
    "fwd_time": "1.202",
    "(v)ram": "n/a"
}
{
    "process": "gptq",
    "layer": 8,
    "module": "attention.dense",
    "feat: in, out": "768, 768",
    "dtype: size": "f16: 1.2MB",
    "loss": "0.0000000054",
    "samples": "131072",
    "damp": "0.10000",
    "time": "0.611",
    "fwd_time": "2.262",
    "(v)ram": "n/a"
}
{
    "process": "gptq",
    "layer": 8,
    "module": "mlp.dense_h_to_4h",
    "feat: in, out": "768, 3072",
    "dtype: size": "f16: 4.8MB",
    "loss": "0.0000002588",
    "samples": "131072",
    "damp": "0.10000",
    "time": "0.714",
    "fwd_time": "2.534",
    "(v)ram": "n/a"
}
{
    "process": "gptq",
    "layer": 8,
    "module": "mlp.dense_4h_to_h",
    "feat: in, out": "3072, 768",
    "dtype: size": "f16: 4.8MB",
    "loss": "0.0000000166",
    "samples": "131072",
    "damp": "0.10000",
    "time": "2.705",
    "fwd_time": "6.553",
    "(v)ram": "n/a"
}
{
    "process": "gptq",
    "layer": 9,
    "module": "attention.query_key_value",
    "feat: in, out": "768, 2304",
    "dtype: size": "f16: 3.6MB",
    "loss": "0.0000155504",
    "samples": "131072",
    "damp": "0.10000",
    "time": "0.701",
    "fwd_time": "1.187",
    "(v)ram": "n/a"
}
{
    "process": "gptq",
    "layer": 9,
    "module": "attention.dense",
    "feat: in, out": "768, 768",
    "dtype: size": "f16: 1.2MB",
    "loss": "0.0000000026",
    "samples": "131072",
    "damp": "0.10000",
    "time": "0.636",
    "fwd_time": "2.169",
    "(v)ram": "n/a"
}
{
    "process": "gptq",
    "layer": 9,
    "module": "mlp.dense_h_to_4h",
    "feat: in, out": "768, 3072",
    "dtype: size": "f16: 4.8MB",
    "loss": "0.0000002803",
    "samples": "131072",
    "damp": "0.10000",
    "time": "0.717",
    "fwd_time": "2.463",
    "(v)ram": "n/a"
}
{
    "process": "gptq",
    "layer": 9,
    "module": "mlp.dense_4h_to_h",
    "feat: in, out": "3072, 768",
    "dtype: size": "f16: 4.8MB",
    "loss": "0.0000000243",
    "samples": "131072",
    "damp": "0.10000",
    "time": "2.769",
    "fwd_time": "6.652",
    "(v)ram": "n/a"
}
{
    "process": "gptq",
    "layer": 10,
    "module": "attention.query_key_value",
    "feat: in, out": "768, 2304",
    "dtype: size": "f16: 3.6MB",
    "loss": "0.0000389456",
    "samples": "131072",
    "damp": "0.10000",
    "time": "0.702",
    "fwd_time": "1.178",
    "(v)ram": "n/a"
}
{
    "process": "gptq",
    "layer": 10,
    "module": "attention.dense",
    "feat: in, out": "768, 768",
    "dtype: size": "f16: 1.2MB",
    "loss": "0.0000000026",
    "samples": "131072",
    "damp": "0.10000",
    "time": "0.624",
    "fwd_time": "2.269",
    "(v)ram": "n/a"
}
{
    "process": "gptq",
    "layer": 10,
    "module": "mlp.dense_h_to_4h",
    "feat: in, out": "768, 3072",
    "dtype: size": "f16: 4.8MB",
    "loss": "0.0000002699",
    "samples": "131072",
    "damp": "0.10000",
    "time": "0.969",
    "fwd_time": "2.708",
    "(v)ram": "n/a"
}
{
    "process": "gptq",
    "layer": 10,
    "module": "mlp.dense_4h_to_h",
    "feat: in, out": "3072, 768",
    "dtype: size": "f16: 4.8MB",
    "loss": "0.0000000362",
    "samples": "131072",
    "damp": "0.10000",
    "time": "2.743",
    "fwd_time": "6.728",
    "(v)ram": "n/a"
}
{
    "process": "gptq",
    "layer": 11,
    "module": "attention.query_key_value",
    "feat: in, out": "768, 2304",
    "dtype: size": "f16: 3.6MB",
    "loss": "0.0000322420",
    "samples": "131072",
    "damp": "0.10000",
    "time": "0.712",
    "fwd_time": "1.221",
    "(v)ram": "n/a"
}
{
    "process": "gptq",
    "layer": 11,
    "module": "attention.dense",
    "feat: in, out": "768, 768",
    "dtype: size": "f16: 1.2MB",
    "loss": "0.0000000031",
    "samples": "131072",
    "damp": "0.10000",
    "time": "0.618",
    "fwd_time": "2.229",
    "(v)ram": "n/a"
}
{
    "process": "gptq",
    "layer": 11,
    "module": "mlp.dense_h_to_4h",
    "feat: in, out": "768, 3072",
    "dtype: size": "f16: 4.8MB",
    "loss": "0.0000003076",
    "samples": "131072",
    "damp": "0.10000",
    "time": "0.748",
    "fwd_time": "2.447",
    "(v)ram": "n/a"
}
{
    "process": "gptq",
    "layer": 11,
    "module": "mlp.dense_4h_to_h",
    "feat: in, out": "3072, 768",
    "dtype: size": "f16: 4.8MB",
    "loss": "0.0000000579",
    "samples": "131072",
    "damp": "0.10000",
    "time": "2.693",
    "fwd_time": "6.635",
    "(v)ram": "n/a"
}
