{
    "process": "gptq",
    "layer": 0,
    "module": "attention.query_key_value",
    "feat: in, out": "768, 2304",
    "dtype: size": "f16: 3.6MB",
    "loss": "0.0000004933",
    "samples": "65536",
    "damp": "0.10000",
    "time": "2.021",
    "fwd_time": "1.752",
    "(v)ram": "n/a"
}
{
    "process": "gptq",
    "layer": 0,
    "module": "attention.dense",
    "feat: in, out": "768, 768",
    "dtype: size": "f16: 1.2MB",
    "loss": "0.0000000026",
    "samples": "65536",
    "damp": "0.10000",
    "time": "0.639",
    "fwd_time": "1.113",
    "(v)ram": "n/a"
}
{
    "process": "gptq",
    "layer": 0,
    "module": "mlp.dense_h_to_4h",
    "feat: in, out": "768, 3072",
    "dtype: size": "f16: 4.8MB",
    "loss": "0.0000001789",
    "samples": "65536",
    "damp": "0.10000",
    "time": "0.758",
    "fwd_time": "1.141",
    "(v)ram": "n/a"
}
{
    "process": "gptq",
    "layer": 0,
    "module": "mlp.dense_4h_to_h",
    "feat: in, out": "3072, 768",
    "dtype: size": "f16: 4.8MB",
    "loss": "0.0000000037",
    "samples": "65536",
    "damp": "0.10000",
    "time": "2.833",
    "fwd_time": "2.801",
    "(v)ram": "n/a"
}
{
    "process": "gptq",
    "layer": 1,
    "module": "attention.query_key_value",
    "feat: in, out": "768, 2304",
    "dtype: size": "f16: 3.6MB",
    "loss": "0.0000004613",
    "samples": "65536",
    "damp": "0.10000",
    "time": "0.682",
    "fwd_time": "0.577",
    "(v)ram": "n/a"
}
{
    "process": "gptq",
    "layer": 1,
    "module": "attention.dense",
    "feat: in, out": "768, 768",
    "dtype: size": "f16: 1.2MB",
    "loss": "0.0000000031",
    "samples": "65536",
    "damp": "0.10000",
    "time": "0.783",
    "fwd_time": "1.204",
    "(v)ram": "n/a"
}
{
    "process": "gptq",
    "layer": 1,
    "module": "mlp.dense_h_to_4h",
    "feat: in, out": "768, 3072",
    "dtype: size": "f16: 4.8MB",
    "loss": "0.0000008656",
    "samples": "65536",
    "damp": "0.10000",
    "time": "0.781",
    "fwd_time": "1.217",
    "(v)ram": "n/a"
}
{
    "process": "gptq",
    "layer": 1,
    "module": "mlp.dense_4h_to_h",
    "feat: in, out": "3072, 768",
    "dtype: size": "f16: 4.8MB",
    "loss": "0.0000000062",
    "samples": "65536",
    "damp": "0.10000",
    "time": "2.917",
    "fwd_time": "2.491",
    "(v)ram": "n/a"
}
{
    "process": "gptq",
    "layer": 2,
    "module": "attention.query_key_value",
    "feat: in, out": "768, 2304",
    "dtype: size": "f16: 3.6MB",
    "loss": "0.0000005319",
    "samples": "65536",
    "damp": "0.10000",
    "time": "0.744",
    "fwd_time": "0.623",
    "(v)ram": "n/a"
}
{
    "process": "gptq",
    "layer": 2,
    "module": "attention.dense",
    "feat: in, out": "768, 768",
    "dtype: size": "f16: 1.2MB",
    "loss": "0.0000000064",
    "samples": "65536",
    "damp": "0.10000",
    "time": "0.743",
    "fwd_time": "1.242",
    "(v)ram": "n/a"
}
{
    "process": "gptq",
    "layer": 2,
    "module": "mlp.dense_h_to_4h",
    "feat: in, out": "768, 3072",
    "dtype: size": "f16: 4.8MB",
    "loss": "0.0000007138",
    "samples": "65536",
    "damp": "0.10000",
    "time": "0.752",
    "fwd_time": "1.294",
    "(v)ram": "n/a"
}
{
    "process": "gptq",
    "layer": 2,
    "module": "mlp.dense_4h_to_h",
    "feat: in, out": "3072, 768",
    "dtype: size": "f16: 4.8MB",
    "loss": "0.0000000110",
    "samples": "65536",
    "damp": "0.10000",
    "time": "2.963",
    "fwd_time": "2.496",
    "(v)ram": "n/a"
}
{
    "process": "gptq",
    "layer": 3,
    "module": "attention.query_key_value",
    "feat: in, out": "768, 2304",
    "dtype: size": "f16: 3.6MB",
    "loss": "0.0000004976",
    "samples": "65536",
    "damp": "0.10000",
    "time": "0.752",
    "fwd_time": "0.598",
    "(v)ram": "n/a"
}
{
    "process": "gptq",
    "layer": 3,
    "module": "attention.dense",
    "feat: in, out": "768, 768",
    "dtype: size": "f16: 1.2MB",
    "loss": "0.0000000122",
    "samples": "65536",
    "damp": "0.10000",
    "time": "0.705",
    "fwd_time": "1.113",
    "(v)ram": "n/a"
}
{
    "process": "gptq",
    "layer": 3,
    "module": "mlp.dense_h_to_4h",
    "feat: in, out": "768, 3072",
    "dtype: size": "f16: 4.8MB",
    "loss": "0.0000005484",
    "samples": "65536",
    "damp": "0.10000",
    "time": "0.784",
    "fwd_time": "1.085",
    "(v)ram": "n/a"
}
{
    "process": "gptq",
    "layer": 3,
    "module": "mlp.dense_4h_to_h",
    "feat: in, out": "3072, 768",
    "dtype: size": "f16: 4.8MB",
    "loss": "0.0000000125",
    "samples": "65536",
    "damp": "0.10000",
    "time": "2.852",
    "fwd_time": "2.546",
    "(v)ram": "n/a"
}
{
    "process": "gptq",
    "layer": 4,
    "module": "attention.query_key_value",
    "feat: in, out": "768, 2304",
    "dtype: size": "f16: 3.6MB",
    "loss": "0.0000008498",
    "samples": "65536",
    "damp": "0.10000",
    "time": "0.791",
    "fwd_time": "0.623",
    "(v)ram": "n/a"
}
{
    "process": "gptq",
    "layer": 4,
    "module": "attention.dense",
    "feat: in, out": "768, 768",
    "dtype: size": "f16: 1.2MB",
    "loss": "0.0000000063",
    "samples": "65536",
    "damp": "0.10000",
    "time": "0.687",
    "fwd_time": "1.016",
    "(v)ram": "n/a"
}
{
    "process": "gptq",
    "layer": 4,
    "module": "mlp.dense_h_to_4h",
    "feat: in, out": "768, 3072",
    "dtype: size": "f16: 4.8MB",
    "loss": "0.0000004252",
    "samples": "65536",
    "damp": "0.10000",
    "time": "0.784",
    "fwd_time": "1.122",
    "(v)ram": "n/a"
}
{
    "process": "gptq",
    "layer": 4,
    "module": "mlp.dense_4h_to_h",
    "feat: in, out": "3072, 768",
    "dtype: size": "f16: 4.8MB",
    "loss": "0.0000000122",
    "samples": "65536",
    "damp": "0.10000",
    "time": "2.916",
    "fwd_time": "2.538",
    "(v)ram": "n/a"
}
{
    "process": "gptq",
    "layer": 5,
    "module": "attention.query_key_value",
    "feat: in, out": "768, 2304",
    "dtype: size": "f16: 3.6MB",
    "loss": "0.0000010756",
    "samples": "65536",
    "damp": "0.10000",
    "time": "0.786",
    "fwd_time": "0.614",
    "(v)ram": "n/a"
}
{
    "process": "gptq",
    "layer": 5,
    "module": "attention.dense",
    "feat: in, out": "768, 768",
    "dtype: size": "f16: 1.2MB",
    "loss": "0.0000000077",
    "samples": "65536",
    "damp": "0.10000",
    "time": "0.691",
    "fwd_time": "1.022",
    "(v)ram": "n/a"
}
{
    "process": "gptq",
    "layer": 5,
    "module": "mlp.dense_h_to_4h",
    "feat: in, out": "768, 3072",
    "dtype: size": "f16: 4.8MB",
    "loss": "0.0000004145",
    "samples": "65536",
    "damp": "0.10000",
    "time": "0.796",
    "fwd_time": "1.074",
    "(v)ram": "n/a"
}
{
    "process": "gptq",
    "layer": 5,
    "module": "mlp.dense_4h_to_h",
    "feat: in, out": "3072, 768",
    "dtype: size": "f16: 4.8MB",
    "loss": "0.0000000150",
    "samples": "65536",
    "damp": "0.10000",
    "time": "2.927",
    "fwd_time": "2.575",
    "(v)ram": "n/a"
}
{
    "process": "gptq",
    "layer": 6,
    "module": "attention.query_key_value",
    "feat: in, out": "768, 2304",
    "dtype: size": "f16: 3.6MB",
    "loss": "0.0000017929",
    "samples": "65536",
    "damp": "0.10000",
    "time": "0.776",
    "fwd_time": "0.577",
    "(v)ram": "n/a"
}
{
    "process": "gptq",
    "layer": 6,
    "module": "attention.dense",
    "feat: in, out": "768, 768",
    "dtype: size": "f16: 1.2MB",
    "loss": "0.0000000066",
    "samples": "65536",
    "damp": "0.10000",
    "time": "0.673",
    "fwd_time": "1.023",
    "(v)ram": "n/a"
}
{
    "process": "gptq",
    "layer": 6,
    "module": "mlp.dense_h_to_4h",
    "feat: in, out": "768, 3072",
    "dtype: size": "f16: 4.8MB",
    "loss": "0.0000004230",
    "samples": "65536",
    "damp": "0.10000",
    "time": "0.772",
    "fwd_time": "1.184",
    "(v)ram": "n/a"
}
{
    "process": "gptq",
    "layer": 6,
    "module": "mlp.dense_4h_to_h",
    "feat: in, out": "3072, 768",
    "dtype: size": "f16: 4.8MB",
    "loss": "0.0000000153",
    "samples": "65536",
    "damp": "0.10000",
    "time": "2.916",
    "fwd_time": "2.563",
    "(v)ram": "n/a"
}
{
    "process": "gptq",
    "layer": 7,
    "module": "attention.query_key_value",
    "feat: in, out": "768, 2304",
    "dtype: size": "f16: 3.6MB",
    "loss": "0.0000051181",
    "samples": "65536",
    "damp": "0.10000",
    "time": "0.739",
    "fwd_time": "0.593",
    "(v)ram": "n/a"
}
{
    "process": "gptq",
    "layer": 7,
    "module": "attention.dense",
    "feat: in, out": "768, 768",
    "dtype: size": "f16: 1.2MB",
    "loss": "0.0000000115",
    "samples": "65536",
    "damp": "0.10000",
    "time": "0.667",
    "fwd_time": "1.143",
    "(v)ram": "n/a"
}
{
    "process": "gptq",
    "layer": 7,
    "module": "mlp.dense_h_to_4h",
    "feat: in, out": "768, 3072",
    "dtype: size": "f16: 4.8MB",
    "loss": "0.0000004603",
    "samples": "65536",
    "damp": "0.10000",
    "time": "0.776",
    "fwd_time": "1.135",
    "(v)ram": "n/a"
}
{
    "process": "gptq",
    "layer": 7,
    "module": "mlp.dense_4h_to_h",
    "feat: in, out": "3072, 768",
    "dtype: size": "f16: 4.8MB",
    "loss": "0.0000000216",
    "samples": "65536",
    "damp": "0.10000",
    "time": "2.918",
    "fwd_time": "2.613",
    "(v)ram": "n/a"
}
{
    "process": "gptq",
    "layer": 8,
    "module": "attention.query_key_value",
    "feat: in, out": "768, 2304",
    "dtype: size": "f16: 3.6MB",
    "loss": "0.0000172116",
    "samples": "65536",
    "damp": "0.10000",
    "time": "0.751",
    "fwd_time": "0.614",
    "(v)ram": "n/a"
}
{
    "process": "gptq",
    "layer": 8,
    "module": "attention.dense",
    "feat: in, out": "768, 768",
    "dtype: size": "f16: 1.2MB",
    "loss": "0.0000000105",
    "samples": "65536",
    "damp": "0.10000",
    "time": "0.679",
    "fwd_time": "1.021",
    "(v)ram": "n/a"
}
{
    "process": "gptq",
    "layer": 8,
    "module": "mlp.dense_h_to_4h",
    "feat: in, out": "768, 3072",
    "dtype: size": "f16: 4.8MB",
    "loss": "0.0000005117",
    "samples": "65536",
    "damp": "0.10000",
    "time": "0.793",
    "fwd_time": "1.083",
    "(v)ram": "n/a"
}
{
    "process": "gptq",
    "layer": 8,
    "module": "mlp.dense_4h_to_h",
    "feat: in, out": "3072, 768",
    "dtype: size": "f16: 4.8MB",
    "loss": "0.0000000327",
    "samples": "65536",
    "damp": "0.10000",
    "time": "3.024",
    "fwd_time": "2.674",
    "(v)ram": "n/a"
}
{
    "process": "gptq",
    "layer": 9,
    "module": "attention.query_key_value",
    "feat: in, out": "768, 2304",
    "dtype: size": "f16: 3.6MB",
    "loss": "0.0000308808",
    "samples": "65536",
    "damp": "0.10000",
    "time": "0.771",
    "fwd_time": "0.600",
    "(v)ram": "n/a"
}
{
    "process": "gptq",
    "layer": 9,
    "module": "attention.dense",
    "feat: in, out": "768, 768",
    "dtype: size": "f16: 1.2MB",
    "loss": "0.0000000051",
    "samples": "65536",
    "damp": "0.10000",
    "time": "0.707",
    "fwd_time": "1.054",
    "(v)ram": "n/a"
}
{
    "process": "gptq",
    "layer": 9,
    "module": "mlp.dense_h_to_4h",
    "feat: in, out": "768, 3072",
    "dtype: size": "f16: 4.8MB",
    "loss": "0.0000005547",
    "samples": "65536",
    "damp": "0.10000",
    "time": "0.846",
    "fwd_time": "1.092",
    "(v)ram": "n/a"
}
{
    "process": "gptq",
    "layer": 9,
    "module": "mlp.dense_4h_to_h",
    "feat: in, out": "3072, 768",
    "dtype: size": "f16: 4.8MB",
    "loss": "0.0000000481",
    "samples": "65536",
    "damp": "0.10000",
    "time": "3.156",
    "fwd_time": "2.683",
    "(v)ram": "n/a"
}
{
    "process": "gptq",
    "layer": 10,
    "module": "attention.query_key_value",
    "feat: in, out": "768, 2304",
    "dtype: size": "f16: 3.6MB",
    "loss": "0.0000772158",
    "samples": "65536",
    "damp": "0.10000",
    "time": "0.869",
    "fwd_time": "0.593",
    "(v)ram": "n/a"
}
{
    "process": "gptq",
    "layer": 10,
    "module": "attention.dense",
    "feat: in, out": "768, 768",
    "dtype: size": "f16: 1.2MB",
    "loss": "0.0000000050",
    "samples": "65536",
    "damp": "0.10000",
    "time": "0.719",
    "fwd_time": "1.351",
    "(v)ram": "n/a"
}
{
    "process": "gptq",
    "layer": 10,
    "module": "mlp.dense_h_to_4h",
    "feat: in, out": "768, 3072",
    "dtype: size": "f16: 4.8MB",
    "loss": "0.0000005318",
    "samples": "65536",
    "damp": "0.10000",
    "time": "0.835",
    "fwd_time": "1.088",
    "(v)ram": "n/a"
}
{
    "process": "gptq",
    "layer": 10,
    "module": "mlp.dense_4h_to_h",
    "feat: in, out": "3072, 768",
    "dtype: size": "f16: 4.8MB",
    "loss": "0.0000000719",
    "samples": "65536",
    "damp": "0.10000",
    "time": "2.947",
    "fwd_time": "2.792",
    "(v)ram": "n/a"
}
{
    "process": "gptq",
    "layer": 11,
    "module": "attention.query_key_value",
    "feat: in, out": "768, 2304",
    "dtype: size": "f16: 3.6MB",
    "loss": "0.0000640523",
    "samples": "65536",
    "damp": "0.10000",
    "time": "0.771",
    "fwd_time": "0.585",
    "(v)ram": "n/a"
}
{
    "process": "gptq",
    "layer": 11,
    "module": "attention.dense",
    "feat: in, out": "768, 768",
    "dtype: size": "f16: 1.2MB",
    "loss": "0.0000000061",
    "samples": "65536",
    "damp": "0.10000",
    "time": "0.696",
    "fwd_time": "0.980",
    "(v)ram": "n/a"
}
{
    "process": "gptq",
    "layer": 11,
    "module": "mlp.dense_h_to_4h",
    "feat: in, out": "768, 3072",
    "dtype: size": "f16: 4.8MB",
    "loss": "0.0000006066",
    "samples": "65536",
    "damp": "0.10000",
    "time": "0.792",
    "fwd_time": "1.106",
    "(v)ram": "n/a"
}
{
    "process": "gptq",
    "layer": 11,
    "module": "mlp.dense_4h_to_h",
    "feat: in, out": "3072, 768",
    "dtype: size": "f16: 4.8MB",
    "loss": "0.0000001150",
    "samples": "65536",
    "damp": "0.10000",
    "time": "2.962",
    "fwd_time": "2.920",
    "(v)ram": "n/a"
}
